// Jest Snapshot v1, https://jestjs.io/docs/snapshot-testing

exports[`should escape html in plaintext 1`] = `"<code>&lt;script&gt;alert(&quot;xss&quot;)&lt;/script&gt;</code>"`;

exports[`should handle missing language as plaintext 1`] = `"<code>export const meaningOfLife = 42;</code>"`;

exports[`should render plaintext without syntax highlighing 1`] = `"<code>export const meaningOfLife = 42;</code>"`;

exports[`should render syntax highlighting 1`] = `"<code class="hljs lang-ts" tabindex="0"><span class="hljs-keyword">export</span> <span class="hljs-keyword">const</span> meaningOfLife = <span class="hljs-number">42</span>;</code>"`;

exports[`should render vue as html 1`] = `
"<code class="hljs lang-html" tabindex="0">
        <span class="hljs-tag">&lt;<span class="hljs-name">template</span>&gt;</span>
            <span class="hljs-tag">&lt;<span class="hljs-name">p</span>&gt;</span>lorem ipsum dolor sit amet<span class="hljs-tag">&lt;/<span class="hljs-name">p</span>&gt;</span>
        <span class="hljs-tag">&lt;/<span class="hljs-name">template</span>&gt;</span>

        <span class="hljs-tag">&lt;<span class="hljs-name">script</span>&gt;</span><span class="language-javascript">
            <span class="hljs-keyword">import</span> { defineComponent } <span class="hljs-keyword">from</span> <span class="hljs-string">&quot;vue&quot;</span>;
            <span class="hljs-keyword">export</span> <span class="hljs-keyword">default</span> <span class="hljs-title function_">defineComponent</span>({
                <span class="hljs-attr">name</span>: <span class="hljs-string">&quot;MyAwesomeComponent&quot;</span>,
            });
        </span><span class="hljs-tag">&lt;/<span class="hljs-name">script</span>&gt;</span>
    </code>"
`;
